  ♪  maestro / repo                                                 3 sessions

     ⠋ fix-auth  codex    │   ✓ add-tui  codex    │    ⚑ refactor  codex     │
  ────────────────────────────────────────────────────────────────────────────
  CODEX / fix-auth                                                   ⠋ Working

  Switch agent · fix-auth
  
  › agy · installed
    codex · current · previously used
    opencode · not installed
  
  ↑/↓ select · Enter switch · Esc cancel
  
  The agent is active. Interrupt it and switch? y / n
  
  
  
  
  
  
  ────────────────────────────────────────────────────────────────────────────
  maestro/fix-auth                                             +0 −0 · 0 files
  alt 1–9 switch tabs   ctrl+b a switch agent   ctrl+b ? help                   
