  ♪  maestro / repo                                                 3 sessions

    ⠋ #42!! fix-auth  codex   │  ✓ ⊕ add-tui  codex   │›
  ────────────────────────────────────────────────────────────────────────────
  CODEX / fix-auth                                                   ⠋ Working

  Create pull request · fix-auth
  Title: > Fix login                                                          
  Base:  > main                                                               
  
  ## Goal                                                                   
                                                                            
  Keep login sessions valid.                                                
                                                                            
  ## Commits                                                                
                                                                            
  Tab change field · Ctrl+S push and create
  
  
  Esc cancel
  
  ────────────────────────────────────────────────────────────────────────────
  maestro/fix-auth  #42!!                                      +0 −0 · 0 files
  alt 1–9 switch tabs   ctrl+b a switch agent   ctrl+b ? help                   
