 ♪ maestro /repo
 ⠋ [38;2;250;179;135m#42![m[38;2;243;139;168m![m fix-auth · codex  ›
Merge PR #42 using squash?

https://github.com/owner/repo/pull/42
Head: abc123
CI: failure · Review: changes_requested

Only committed, pushed changes are included.

y merge · n cancel


Esc cancel








 codex · maestro/fix-auth · +0 −0 · 0 files · ↑0 ↓0 · pr_open · #42 · CI failure
ctrl+b ? help · ctrl+b c new · ctrl+b q quit
