 ♪ maestro /repo
 ⠋ [38;2;250;179;135m#42![m[38;2;243;139;168m![m fix-auth · codex  ✓ ⊕ add-tui · codex  ⚑ ↑ refactor · codex 
Create pull request · fix-auth
Title: > Fix login 
Base:  > main 

## Goal                                                                                                                                                       
                                                                                                                                                              
Keep login sessions valid.                                                                                                                                    
                                                                                                                                                              
## Commits                                                                                                                                                    
                                                                                                                                                              
abc123 Fix refresh                                                                                                                                            
                                                                                                                                                              
                                                                                                                                                              
                                                                                                                                                              
                                                                                                                                                              
                                                                                                                                                              
                                                                                                                                                              
                                                                                                                                                              
                                                                                                                                                              
                                                                                                                                                              
                                                                                                                                                              
                                                                                                                                                              
                                                                                                                                                              
                                                                                                                                                              
                                                                                                                                                              
                                                                                                                                                              
                                                                                                                                                              
                                                                                                                                                              
                                                                                                                                                              
                                                                                                                                                              
                                                                                                                                                              
                                                                                                                                                              
                                                                                                                                                              
                                                                                                                                                              
                                                                                                                                                              
                                                                                                                                                              
                                                                                                                                                              
                                                                                                                                                              
                                                                                                                                                              
Tab change field · Ctrl+S push and create


Esc cancel

 codex · maestro/fix-auth · +0 −0 · 0 files · ↑0 ↓0 · pr_open · #42 · CI failure · review changes_requested
ctrl+b ? help · ctrl+b c new · ctrl+b q quit
