 ♪ maestro /repo
 ⠋ fix-auth · codex  ✓ add-tui · codex  ⚑ refactor · codex 
Task notes · fix-auth
Included in the next agent handoff.

Keep the public API compatible.                                                                                                                               
TODO: test session expiry.                                                                                                                                    
                                                                                                                                                              
                                                                                                                                                              
                                                                                                                                                              
                                                                                                                                                              
                                                                                                                                                              
                                                                                                                                                              
                                                                                                                                                              
                                                                                                                                                              
                                                                                                                                                              
                                                                                                                                                              
                                                                                                                                                              
                                                                                                                                                              
                                                                                                                                                              
                                                                                                                                                              
                                                                                                                                                              
                                                                                                                                                              
                                                                                                                                                              
                                                                                                                                                              
                                                                                                                                                              
                                                                                                                                                              
                                                                                                                                                              
                                                                                                                                                              
                                                                                                                                                              
                                                                                                                                                              
                                                                                                                                                              
                                                                                                                                                              
                                                                                                                                                              
                                                                                                                                                              
                                                                                                                                                              
                                                                                                                                                              
                                                                                                                                                              
                                                                                                                                                              
                                                                                                                                                              
                                                                                                                                                              
                                                                                                                                                              
                                                                                                                                                              
                                                                                                                                                              
Ctrl+S save · Esc cancel · Enter new line

 codex · maestro/fix-auth · +0 −0 · 0 files · ↑0 ↓0 · active
ctrl+b ? help · ctrl+b c new · ctrl+b q quit
