 ♪ maestro /repo
 ⠋ fix-auth · codex  ✓ add-tui · codex  ⚑ refactor · codex 
Switch agent · fix-auth

› agy · installed
  codex · current · previously used
  opencode · not installed

↑/↓ select · Enter switch · Esc cancel













 codex · maestro/fix-auth · +0 −0 · 0 files · ↑0 ↓0 · active
ctrl+b ? help · ctrl+b c new · ctrl+b q quit
