  ♪  maestro / repo                                                 3 sessions

     ⠋ fix-auth  codex    │   ✓ add-tui  codex    │    ⚑ refactor  codex     │
  ────────────────────────────────────────────────────────────────────────────
  CODEX / fix-auth                                                   ⠋ Working

  Diff · fix-auth · base main
  
  Loading diff…
  ↑/↓ scroll · ←/→ pan · r refresh · Esc return
  
  
  
  
  
  
  
  
  
  
  
  ────────────────────────────────────────────────────────────────────────────
  maestro/fix-auth                                             +0 −0 · 0 files
  alt 1–9 switch tabs   ctrl+b a switch agent   ctrl+b ? help                   
