
   ♪  maestro / repo                                                                                                                               0 sessions


   ──────────────────────────────────────────────────────────────────────────────────────────────────────────────────────────────────────────────────────────

   YOUR WORKSPACE

   No tasks yet. ctrl+b c creates a task.
   
   
   
   
   
   
   
   
   
   
   
   
   
   
   
   
   
   
   
   
   
   
   
   
   
   
   
   
   
   
   
   
   
   

   ──────────────────────────────────────────────────────────────────────────────────────────────────────────────────────────────────────────────────────────
   Each task gets its own branch and worktree.

   alt 1–9 switch tabs   ctrl+b a switch agent   ctrl+b ? help   ctrl+b : actions                                                                               
