  ♪  maestro / repo                                                 3 sessions

     ⠋ fix-auth  codex    │   ✓ add-tui  codex    │    ⚑ refactor  codex     │
  ────────────────────────────────────────────────────────────────────────────
  CODEX / fix-auth                                                   ⠋ Working

  Maestro shortcuts
  
  alt+1…9 select · alt+h/l previous/next
  
  ctrl+b :  Command palette
  ctrl+b c  New task
  ctrl+b a  Switch agent
  ctrl+b h  Task history
  ctrl+b n  Edit task notes
  ctrl+b ,  Rename task title
  ctrl+b C  Stop agent and save portable checkpoint
  ctrl+b H  Copy manual handoff instruction
  ctrl+b D  View diff against base
  ctrl+b s  Toggle tabs / sidebar
  ↑/↓ scroll · PgUp/PgDn · Esc return
  ────────────────────────────────────────────────────────────────────────────
  maestro/fix-auth                                             +0 −0 · 0 files
  alt 1–9 switch tabs   ctrl+b a switch agent   ctrl+b ? help                   
