  ♪  maestro / repo                                                 3 sessions

     ⠋ fix-auth  codex    │   ✓ add-tui  codex    │    ⚑ refactor  codex     │
  ────────────────────────────────────────────────────────────────────────────
  CODEX / fix-auth                                                   ⠋ Working

  History · Fix authentication
  Tab session · Enter expand · t tools · j/k scroll · r refresh · Esc return
  
  Oct 05 12:00:00  created
  Oct 05 12:01:00  switched
  
  › − codex · session 1 · Oct 05 12:00
  
  [user]
  Fix the login cookie.
    [tool_result hidden; t to expand]
  
  [assistant]
  Cookie validation fixed.
  
  ────────────────────────────────────────────────────────────────────────────
  maestro/fix-auth                                             +0 −0 · 0 files
  alt 1–9 switch tabs   ctrl+b a switch agent   ctrl+b ? help                   
