
   *  maestro / repo                                                                                                                               6 sessions

   TASKS  /  drag to reorder
   ----------------------------------------------------------------------------------------------------------------------------------------------------------

                                   CODEX / starting                                                                                                o Starting

> o starting  codex            |   Starting codex…
  - working  codex             |   
  + done  codex                |   
  ? needs_input  codex         |   
  x exited  codex              |   
  ! crashed  codex             |   
                               |   
                               |   
                               |   
                               |   
                               |   
                               |   
                               |   
                               |   
                               |   
                               |   
                               |   
                               |   
                               |   
                               |   
                               |   
                               |   
                               |   
                               |   
                               |   
                               |   
                               |   
                               |   
                               |   
                               |   
                               |   
                               |   
                               |   
                               |   
                               |   

                                   --------------------------------------------------------------------------------------------------------------------------
                                                                                                                                              +0 −0 · 0 files

   alt 1–9 switch tabs   ctrl+b a switch agent   ctrl+b ? help   ctrl+b : actions                                                                               
