  ♪  maestro / repo                                                 0 sessions


  ────────────────────────────────────────────────────────────────────────────
  YOUR WORKSPACE

  Command palette
  > push                                                                     
  
  > Push branch  [ctrl+b p] — No active task
  
  1 matches · ↑/↓ select · Enter run · Esc cancel
  
  
  
  
  
  
  
  
  
  ────────────────────────────────────────────────────────────────────────────
  Each task gets its own branch and worktree.
  alt 1–9 switch tabs   ctrl+b a switch agent   ctrl+b ? help                   
