  ♪  maestro / repo                                                 3 sessions

     ⠋ fix-auth  codex    │   ✓ add-tui  codex    │    ⚑ refactor  codex     │
  ────────────────────────────────────────────────────────────────────────────
  CODEX / fix-auth                                                   ⠋ Working

  PR #42 · open
  
  https://github.com/owner/repo/pull/42
  
  CI:  · Review: 
  
  o open in browser · y copy URL
  
  
  Esc cancel
  
  
  
  
  
  ────────────────────────────────────────────────────────────────────────────
  maestro/fix-auth                                             +0 −0 · 0 files
  alt 1–9 switch tabs   ctrl+b a switch agent   ctrl+b ? help                   
