  ♪  maestro / repo                                                34 sessions

  TASKS  /  drag to reorder
  ────────────────────────────────────────────────────────────────────────────
                            CODEX / task-34                         ○ Starting

↑ ○ task-20  codex       │  Starting codex…
  ○ task-21  codex       │  
  ○ task-22  codex       │  
  ○ task-23  codex       │  
  ○ task-24  codex       │  
  ○ task-25  codex       │  
  ○ task-26  codex       │  
  ○ task-27  codex       │  
  ○ task-28  codex       │  
  ○ task-29  codex       │  
  ○ task-30  codex       │  
  ○ task-31  codex       │  
  ○ task-32  codex       │  
  ○ task-33  codex       │  
> ○ task-34  codex       │  
                            ──────────────────────────────────────────────────
                                                               +0 −0 · 0 files
  alt 1–9 switch tabs   ctrl+b a switch agent   ctrl+b ? help                   
