
   ♪  maestro / repo                                                                                                                              34 sessions

   TASKS  /  drag to reorder
   ──────────────────────────────────────────────────────────────────────────────────────────────────────────────────────────────────────────────────────────

                                   CODEX / task-34                                                                                                 ○ Starting

  ⠋ fix-auth  codex            │   Starting codex…
  ✓ add-tui  codex             │   
  ⚑ refactor  codex            │   
  ○ task-04  codex             │   
  ○ task-05  codex             │   
  ○ task-06  codex             │   
  ○ task-07  codex             │   
  ○ task-08  codex             │   
  ○ task-09  codex             │   
  ○ task-10  codex             │   
  ○ task-11  codex             │   
  ○ task-12  codex             │   
  ○ task-13  codex             │   
  ○ task-14  codex             │   
  ○ task-15  codex             │   
  ○ task-16  codex             │   
  ○ task-17  codex             │   
  ○ task-18  codex             │   
  ○ task-19  codex             │   
  ○ task-20  codex             │   
  ○ task-21  codex             │   
  ○ task-22  codex             │   
  ○ task-23  codex             │   
  ○ task-24  codex             │   
  ○ task-25  codex             │   
  ○ task-26  codex             │   
  ○ task-27  codex             │   
  ○ task-28  codex             │   
  ○ task-29  codex             │   
  ○ task-30  codex             │   
  ○ task-31  codex             │   
  ○ task-32  codex             │   
  ○ task-33  codex             │   
> ○ task-34  codex             │   
                               │   

                                   ──────────────────────────────────────────────────────────────────────────────────────────────────────────────────────────
                                                                                                                                              +0 −0 · 0 files

   alt 1–9 switch tabs   ctrl+b a switch agent   ctrl+b ? help   ctrl+b : actions                                                                               
