  ♪  maestro / repo                                                 3 sessions

  TASKS  /  drag to reorder
  ────────────────────────────────────────────────────────────────────────────
                            CODEX / fix-auth                         ⠋ Working

> ⠋ fix-auth  codex      │  Starting codex…
  ✓ add-tui  codex       │  
  ⚑ refactor  codex      │  
                         │  
                         │  
                         │  
                         │  
                         │  
                         │  
                         │  
                         │  
                         │  
                         │  
                         │  
                         │  
                            ──────────────────────────────────────────────────
                            maestro/fix-auth                   +0 −0 · 0 files
  alt 1–9 switch tabs   ctrl+b a switch agent   ctrl+b ? help                   
