
   ♪  maestro / repo                                                                                                                               3 sessions

                   ⠋ fix-auth  codex                 │                ✓ add-tui  codex                 │                 ⚑ refactor  codex                  │
   ──────────────────────────────────────────────────────────────────────────────────────────────────────────────────────────────────────────────────────────

   CODEX / fix-auth                                                                                                                                 ⠋ Working

   Switch agent · fix-auth
   
     agy · installed
     codex · current
     custom-agent-00 · previously used
     custom-agent-01 · previously used
     custom-agent-02 · previously used
     custom-agent-03 · previously used
     custom-agent-04 · previously used
     custom-agent-05 · previously used
     custom-agent-06 · previously used
     custom-agent-07 · previously used
     custom-agent-08 · previously used
     custom-agent-09 · previously used
     custom-agent-10 · previously used
     custom-agent-11 · previously used
     custom-agent-12 · previously used
     custom-agent-13 · previously used
     custom-agent-14 · previously used
     custom-agent-15 · previously used
     custom-agent-16 · previously used
     custom-agent-17 · previously used
     custom-agent-18 · previously used
   › custom-agent-19 · previously used
   
   ↑/↓ select · Enter switch · Esc cancel
   
   
   
   
   
   
   
   
   

   ──────────────────────────────────────────────────────────────────────────────────────────────────────────────────────────────────────────────────────────
   maestro/fix-auth                                                                                                                           +0 −0 · 0 files

   alt 1–9 switch tabs   ctrl+b a switch agent   ctrl+b ? help   ctrl+b : actions                                                                               
