  ♪  maestro / repo                                                 3 sessions

     ⠋ fix-auth  codex    │   ✓ add-tui  codex    │    ⚑ refactor  codex     │
  ────────────────────────────────────────────────────────────────────────────
  CODEX / fix-auth                                                   ⠋ Working

  Starting codex…
  
  
  
  
  
  
  
  
  
  
  
  
  
  
  ────────────────────────────────────────────────────────────────────────────
  maestro/fix-auth                                             +0 −0 · 0 files
  refactor: needs_input                                                         
